// Jest Snapshot v1, https://goo.gl/fbAQLP

exports[`Form component renders the Form default 1`] = `
<form
  action="#"
/>
`;
