// Jest Snapshot v1, https://goo.gl/fbAQLP

exports[`Form component renders the Form default 1`] = `
<div
  className="NoteDetails"
>
  <div>
    <button
      onClick={[Function]}
      type="button"
    >
      Back
    </button>
  </div>
</div>
`;
