// Jest Snapshot v1, https://goo.gl/fbAQLP

exports[`Form component renders the Form default 1`] = `
<section
  className="PageMain"
>
  <FolderNotes
    content={Array []}
    id={Array []}
    modified={Array []}
    name={Array []}
  />
  <div>
    <p
      key="0"
    />
  </div>
</section>
`;
